// Jest Snapshot v1, https://goo.gl/fbAQLP

exports[`Login renders 1`] = `ShallowWrapper {}`;
